------------------------------------------------------------
TimeQuest Timing Analyzer Summary
------------------------------------------------------------

Type  : Slow 1200mV 85C Model Setup 'fpga_clk'
Slack : -2.345
TNS   : -51.031

Type  : Slow 1200mV 85C Model Setup 'top_clk'
Slack : 0.210
TNS   : 0.000

Type  : Slow 1200mV 85C Model Hold 'fpga_clk'
Slack : 0.410
TNS   : 0.000

Type  : Slow 1200mV 85C Model Hold 'top_clk'
Slack : 0.445
TNS   : 0.000

Type  : Slow 1200mV 85C Model Minimum Pulse Width 'fpga_clk'
Slack : -3.000
TNS   : -45.405

Type  : Slow 1200mV 85C Model Minimum Pulse Width 'top_clk'
Slack : -1.285
TNS   : -1.285

Type  : Slow 1200mV 0C Model Setup 'fpga_clk'
Slack : -1.987
TNS   : -42.283

Type  : Slow 1200mV 0C Model Setup 'top_clk'
Slack : 0.297
TNS   : 0.000

Type  : Slow 1200mV 0C Model Hold 'fpga_clk'
Slack : 0.367
TNS   : 0.000

Type  : Slow 1200mV 0C Model Hold 'top_clk'
Slack : 0.398
TNS   : 0.000

Type  : Slow 1200mV 0C Model Minimum Pulse Width 'fpga_clk'
Slack : -3.000
TNS   : -45.405

Type  : Slow 1200mV 0C Model Minimum Pulse Width 'top_clk'
Slack : -1.285
TNS   : -1.285

Type  : Fast 1200mV 0C Model Setup 'fpga_clk'
Slack : -0.684
TNS   : -9.206

Type  : Fast 1200mV 0C Model Setup 'top_clk'
Slack : 0.626
TNS   : 0.000

Type  : Fast 1200mV 0C Model Hold 'fpga_clk'
Slack : 0.191
TNS   : 0.000

Type  : Fast 1200mV 0C Model Hold 'top_clk'
Slack : 0.208
TNS   : 0.000

Type  : Fast 1200mV 0C Model Minimum Pulse Width 'fpga_clk'
Slack : -3.000
TNS   : -38.334

Type  : Fast 1200mV 0C Model Minimum Pulse Width 'top_clk'
Slack : -1.000
TNS   : -1.000

------------------------------------------------------------
